utils/password_hashing.py:1: error: Cannot find implementation or library stub for module named "bcrypt"  [import-not-found]
use_cases/users_screen.py:1: error: Cannot find implementation or library stub for module named "PyQt5.QtWidgets"  [import-not-found]
use_cases/users_screen.py:2: error: Cannot find implementation or library stub for module named "ui.screens.ui_users_screen"  [import-not-found]
use_cases/books_screen.py:1: error: Cannot find implementation or library stub for module named "PyQt5.QtWidgets"  [import-not-found]
use_cases/books_screen.py:2: error: Cannot find implementation or library stub for module named "ui.screens.ui_books_screen"  [import-not-found]
ui/ui_main_window.py:11: error: Cannot find implementation or library stub for module named "PyQt5"  [import-not-found]
ui/screens/ui_CU25_create_category_screen.py:11: error: Cannot find implementation or library stub for module named "PyQt5"  [import-not-found]
ui/screens/ui_CU24_digital_qa_screen.py:11: error: Cannot find implementation or library stub for module named "PyQt5"  [import-not-found]
ui/screens/ui_CU23_download_book_screen.py:11: error: Cannot find implementation or library stub for module named "PyQt5"  [import-not-found]
ui/screens/ui_CU22_query_book_screen.py:11: error: Cannot find implementation or library stub for module named "PyQt5"  [import-not-found]
ui/screens/ui_CU21_restore_password_screen.py:11: error: Cannot find implementation or library stub for module named "PyQt5"  [import-not-found]
ui/screens/ui_CU20_change_password_screen.py:11: error: Cannot find implementation or library stub for module named "PyQt5"  [import-not-found]
ui/screens/ui_CU19_assign_task_screen.py:11: error: Cannot find implementation or library stub for module named "PyQt5"  [import-not-found]
ui/screens/ui_CU18_search_users_screen.py:11: error: Cannot find implementation or library stub for module named "PyQt5"  [import-not-found]
ui/screens/ui_CU17_search_books_screen.py:11: error: Cannot find implementation or library stub for module named "PyQt5"  [import-not-found]
ui/screens/ui_CU16_filter_books_by_state_screen.py:11: error: Cannot find implementation or library stub for module named "PyQt5"  [import-not-found]
ui/screens/ui_CU15_physical_qa_screen.py:11: error: Cannot find implementation or library stub for module named "PyQt5"  [import-not-found]
ui/screens/ui_CU14_notification_screen.py:11: error: Cannot find implementation or library stub for module named "PyQt5"  [import-not-found]
ui/screens/ui_CU13_deactivate_book_screen.py:11: error: Cannot find implementation or library stub for module named "PyQt5"  [import-not-found]
ui/screens/ui_CU12_modify_book_screen.py:11: error: Cannot find implementation or library stub for module named "PyQt5"  [import-not-found]
ui/screens/ui_CU11_deactivate_user_screen.py:11: error: Cannot find implementation or library stub for module named "PyQt5"  [import-not-found]
ui/screens/ui_CU10_edit_user_screen.py:11: error: Cannot find implementation or library stub for module named "PyQt5"  [import-not-found]
ui/screens/ui_CU09_create_user_screen.py:11: error: Cannot find implementation or library stub for module named "PyQt5"  [import-not-found]
ui/screens/ui_CU08_generate_report_screen.py:11: error: Cannot find implementation or library stub for module named "PyQt5"  [import-not-found]
ui/screens/ui_CU07_query_book_history_screen.py:11: error: Cannot find implementation or library stub for module named "PyQt5"  [import-not-found]
ui/screens/ui_CU06_login_screen.py:11: error: Cannot find implementation or library stub for module named "PyQt5"  [import-not-found]
ui/screens/ui_CU05_classify_book_screen.py:11: error: Cannot find implementation or library stub for module named "PyQt5"  [import-not-found]
ui/screens/ui_CU04_digitize_book_screen.py:11: error: Cannot find implementation or library stub for module named "PyQt5"  [import-not-found]
ui/screens/ui_CU03_restore_book_screen.py:11: error: Cannot find implementation or library stub for module named "PyQt5"  [import-not-found]
ui/screens/ui_CU02_register_condition_screen.py:11: error: Cannot find implementation or library stub for module named "PyQt5"  [import-not-found]
ui/screens/ui_CU01_register_book_screen.py:9: error: Cannot find implementation or library stub for module named "PyQt5"  [import-not-found]
ui/legacy_code/migracion.py:1: error: Cannot find implementation or library stub for module named "PyQt6.QtWidgets"  [import-not-found]
ui/legacy_code/migracion.py:8: error: Cannot find implementation or library stub for module named "PyQt6.QtCore"  [import-not-found]
ui/legacy_code/migracion.py:9: error: Cannot find implementation or library stub for module named "PyQt6.QtGui"  [import-not-found]
ui/legacy_code/main.py:1: error: Cannot find implementation or library stub for module named "PyQt6.QtWidgets"  [import-not-found]
ui/legacy_code/main.py:3: error: Cannot find implementation or library stub for module named "login"  [import-not-found]
ui/legacy_code/dashboard.py:1: error: Cannot find implementation or library stub for module named "PyQt6.QtWidgets"  [import-not-found]
ui/legacy_code/dashboard.py:5: error: Cannot find implementation or library stub for module named "PyQt6.QtCore"  [import-not-found]
ui/legacy_code/dashboard.py:6: error: Cannot find implementation or library stub for module named "migracion"  [import-not-found]
db/models.py:1: error: Cannot find implementation or library stub for module named "sqlalchemy"  [import-not-found]
db/models.py:5: error: Cannot find implementation or library stub for module named "sqlalchemy.orm"  [import-not-found]
db/models.py:6: error: Cannot find implementation or library stub for module named "bcrypt"  [import-not-found]
db/models.py:12: error: Variable "db.models.Base" is not valid as a type  [valid-type]
db/models.py:12: note: See https://mypy.readthedocs.io/en/stable/common_issues.html#variables-vs-type-aliases
db/models.py:12: error: Invalid base class "Base"  [misc]
db/models.py:18: error: Variable "db.models.Base" is not valid as a type  [valid-type]
db/models.py:18: note: See https://mypy.readthedocs.io/en/stable/common_issues.html#variables-vs-type-aliases
db/models.py:18: error: Invalid base class "Base"  [misc]
db/models.py:25: error: Variable "db.models.Base" is not valid as a type  [valid-type]
db/models.py:25: note: See https://mypy.readthedocs.io/en/stable/common_issues.html#variables-vs-type-aliases
db/models.py:25: error: Invalid base class "Base"  [misc]
db/models.py:31: error: Variable "db.models.Base" is not valid as a type  [valid-type]
db/models.py:31: note: See https://mypy.readthedocs.io/en/stable/common_issues.html#variables-vs-type-aliases
db/models.py:31: error: Invalid base class "Base"  [misc]
db/models.py:36: error: Variable "db.models.Base" is not valid as a type  [valid-type]
db/models.py:36: note: See https://mypy.readthedocs.io/en/stable/common_issues.html#variables-vs-type-aliases
db/models.py:36: error: Invalid base class "Base"  [misc]
db/models.py:44: error: Variable "db.models.Base" is not valid as a type  [valid-type]
db/models.py:44: note: See https://mypy.readthedocs.io/en/stable/common_issues.html#variables-vs-type-aliases
db/models.py:44: error: Invalid base class "Base"  [misc]
db/models.py:59: error: Variable "db.models.Base" is not valid as a type  [valid-type]
db/models.py:59: note: See https://mypy.readthedocs.io/en/stable/common_issues.html#variables-vs-type-aliases
db/models.py:59: error: Invalid base class "Base"  [misc]
db/models.py:76: error: Variable "db.models.Base" is not valid as a type  [valid-type]
db/models.py:76: note: See https://mypy.readthedocs.io/en/stable/common_issues.html#variables-vs-type-aliases
db/models.py:76: error: Invalid base class "Base"  [misc]
db/models.py:89: error: Variable "db.models.Base" is not valid as a type  [valid-type]
db/models.py:89: note: See https://mypy.readthedocs.io/en/stable/common_issues.html#variables-vs-type-aliases
db/models.py:89: error: Invalid base class "Base"  [misc]
db/db_init.py:1: error: Cannot find implementation or library stub for module named "sqlalchemy"  [import-not-found]
db/db_init.py:5: error: Cannot find implementation or library stub for module named "sqlalchemy.orm"  [import-not-found]
db/db_init.py:19: error: Variable "db.db_init.Base" is not valid as a type  [valid-type]
db/db_init.py:19: note: See https://mypy.readthedocs.io/en/stable/common_issues.html#variables-vs-type-aliases
db/db_init.py:19: error: Invalid base class "Base"  [misc]
db/db_init.py:26: error: Variable "db.db_init.Base" is not valid as a type  [valid-type]
db/db_init.py:26: note: See https://mypy.readthedocs.io/en/stable/common_issues.html#variables-vs-type-aliases
db/db_init.py:26: error: Invalid base class "Base"  [misc]
db/db_init.py:32: error: Variable "db.db_init.Base" is not valid as a type  [valid-type]
db/db_init.py:32: note: See https://mypy.readthedocs.io/en/stable/common_issues.html#variables-vs-type-aliases
db/db_init.py:32: error: Invalid base class "Base"  [misc]
db/db_init.py:49: error: Variable "db.db_init.Base" is not valid as a type  [valid-type]
db/db_init.py:49: note: See https://mypy.readthedocs.io/en/stable/common_issues.html#variables-vs-type-aliases
db/db_init.py:49: error: Invalid base class "Base"  [misc]
db/db_init.py:55: error: Variable "db.db_init.Base" is not valid as a type  [valid-type]
db/db_init.py:55: note: See https://mypy.readthedocs.io/en/stable/common_issues.html#variables-vs-type-aliases
db/db_init.py:55: error: Invalid base class "Base"  [misc]
db/db_init.py:67: error: Variable "db.db_init.Base" is not valid as a type  [valid-type]
db/db_init.py:67: note: See https://mypy.readthedocs.io/en/stable/common_issues.html#variables-vs-type-aliases
db/db_init.py:67: error: Invalid base class "Base"  [misc]
db/db_init.py:72: error: Variable "db.db_init.Base" is not valid as a type  [valid-type]
db/db_init.py:72: note: See https://mypy.readthedocs.io/en/stable/common_issues.html#variables-vs-type-aliases
db/db_init.py:72: error: Invalid base class "Base"  [misc]
db/db_init.py:78: error: Variable "db.db_init.Base" is not valid as a type  [valid-type]
db/db_init.py:78: note: See https://mypy.readthedocs.io/en/stable/common_issues.html#variables-vs-type-aliases
db/db_init.py:78: error: Invalid base class "Base"  [misc]
db/db_init.py:91: error: Variable "db.db_init.Base" is not valid as a type  [valid-type]
db/db_init.py:91: note: See https://mypy.readthedocs.io/en/stable/common_issues.html#variables-vs-type-aliases
db/db_init.py:91: error: Invalid base class "Base"  [misc]
db/database.py:1: error: Cannot find implementation or library stub for module named "sqlalchemy"  [import-not-found]
db/database.py:2: error: Cannot find implementation or library stub for module named "sqlalchemy.orm"  [import-not-found]
db/crear_usuario_admin.py:3: error: Cannot find implementation or library stub for module named "bcrypt"  [import-not-found]
db/crear_usuario_admin.py:4: error: Cannot find implementation or library stub for module named "sqlalchemy.orm"  [import-not-found]
db/crear_usuario_admin.py:4: note: See https://mypy.readthedocs.io/en/stable/running_mypy.html#missing-imports
db/crear_usuario_admin.py:5: error: Cannot find implementation or library stub for module named "sqlalchemy"  [import-not-found]
db/crear_usuario_admin.py:8: error: Cannot find implementation or library stub for module named "db_init"  [import-not-found]
use_cases/login_screen.py:1: error: Cannot find implementation or library stub for module named "PyQt5.QtWidgets"  [import-not-found]
use_cases/login_screen.py:2: error: Cannot find implementation or library stub for module named "ui.screens.ui_login_screen"  [import-not-found]
use_cases/login_screen.py:5: error: Cannot find implementation or library stub for module named "bcrypt"  [import-not-found]
use_cases/CU24_digital_qa_screen.py:1: error: Cannot find implementation or library stub for module named "PyQt5.QtWidgets"  [import-not-found]
use_cases/CU23_download_book_screen.py:1: error: Cannot find implementation or library stub for module named "PyQt5.QtWidgets"  [import-not-found]
use_cases/CU22_query_book_screen.py:1: error: Cannot find implementation or library stub for module named "PyQt5.QtWidgets"  [import-not-found]
use_cases/CU21_restore_password_screen.py:1: error: Cannot find implementation or library stub for module named "PyQt5.QtWidgets"  [import-not-found]
use_cases/CU19_assign_task_screen.py:1: error: Cannot find implementation or library stub for module named "PyQt5.QtWidgets"  [import-not-found]
use_cases/CU18_search_users_screen.py:1: error: Cannot find implementation or library stub for module named "PyQt5.QtWidgets"  [import-not-found]
use_cases/CU17_search_books_screen.py:1: error: Cannot find implementation or library stub for module named "PyQt5.QtWidgets"  [import-not-found]
use_cases/CU17_search_books_screen.py:2: error: Cannot find implementation or library stub for module named "sqlalchemy"  [import-not-found]
use_cases/CU16_filter_books_by_state_screen.py:1: error: Cannot find implementation or library stub for module named "PyQt5.QtWidgets"  [import-not-found]
use_cases/CU15_physical_qa_screen.py:1: error: Cannot find implementation or library stub for module named "PyQt5.QtWidgets"  [import-not-found]
use_cases/CU14_notification_screen.py:1: error: Cannot find implementation or library stub for module named "PyQt5.QtWidgets"  [import-not-found]
use_cases/CU13_deactivate_book_screen.py:1: error: Cannot find implementation or library stub for module named "PyQt5.QtWidgets"  [import-not-found]
use_cases/CU12_modify_book_screen.py:1: error: Cannot find implementation or library stub for module named "PyQt5.QtWidgets"  [import-not-found]
use_cases/CU11_deactivate_user_screen.py:1: error: Cannot find implementation or library stub for module named "PyQt5.QtWidgets"  [import-not-found]
use_cases/CU10_edit_user_screen.py:1: error: Cannot find implementation or library stub for module named "PyQt5.QtWidgets"  [import-not-found]
use_cases/CU08_generate_report_screen.py:1: error: Cannot find implementation or library stub for module named "PyQt5.QtWidgets"  [import-not-found]
use_cases/CU07_query_book_history_screen.py:1: error: Cannot find implementation or library stub for module named "PyQt5.QtWidgets"  [import-not-found]
use_cases/CU06_login_screen.py:1: error: Cannot find implementation or library stub for module named "PyQt5.QtWidgets"  [import-not-found]
use_cases/CU06_login_screen.py:3: error: Cannot find implementation or library stub for module named "PyQt5.QtGui"  [import-not-found]
use_cases/CU06_login_screen.py:8: error: Cannot find implementation or library stub for module named "bcrypt"  [import-not-found]
ui/legacy_code/login.py:1: error: Cannot find implementation or library stub for module named "PyQt6.QtWidgets"  [import-not-found]
ui/legacy_code/login.py:5: error: Cannot find implementation or library stub for module named "PyQt6.QtCore"  [import-not-found]
ui/legacy_code/login.py:6: error: Cannot find implementation or library stub for module named "sqlalchemy.orm"  [import-not-found]
ui/legacy_code/login.py:7: error: Cannot find implementation or library stub for module named "sqlalchemy"  [import-not-found]
ui/legacy_code/login.py:9: error: Cannot find implementation or library stub for module named "bcrypt"  [import-not-found]
ui/legacy_code/login.py:15: error: Cannot find implementation or library stub for module named "dashboard"  [import-not-found]
db_seed.py:2: error: Cannot find implementation or library stub for module named "sqlalchemy.orm"  [import-not-found]
use_cases/CU25_create_category_screen.py:1: error: Cannot find implementation or library stub for module named "PyQt5.QtWidgets"  [import-not-found]
use_cases/CU25_create_category_screen.py:2: error: Cannot find implementation or library stub for module named "PyQt5.QtCore"  [import-not-found]
use_cases/CU20_change_password_screen.py:1: error: Cannot find implementation or library stub for module named "PyQt5.QtWidgets"  [import-not-found]
use_cases/CU20_change_password_screen.py:2: error: Cannot find implementation or library stub for module named "PyQt5.QtCore"  [import-not-found]
use_cases/CU09_create_user_screen.py:1: error: Cannot find implementation or library stub for module named "PyQt5.QtWidgets"  [import-not-found]
use_cases/CU09_create_user_screen.py:2: error: Cannot find implementation or library stub for module named "PyQt5.QtCore"  [import-not-found]
use_cases/CU05_classify_book_screen.py:2: error: Cannot find implementation or library stub for module named "PyQt5.QtWidgets"  [import-not-found]
use_cases/CU04_digitize_book_screen.py:2: error: Cannot find implementation or library stub for module named "PyQt5.QtWidgets"  [import-not-found]
use_cases/CU03_restore_book_screen.py:1: error: Cannot find implementation or library stub for module named "PyQt5.QtWidgets"  [import-not-found]
use_cases/CU03_restore_book_screen.py:2: error: Cannot find implementation or library stub for module named "PyQt5.QtCore"  [import-not-found]
use_cases/CU02_register_condition_screen.py:1: error: Cannot find implementation or library stub for module named "PyQt5.QtWidgets"  [import-not-found]
use_cases/CU02_register_condition_screen.py:2: error: Cannot find implementation or library stub for module named "PyQt5.QtCore"  [import-not-found]
use_cases/CU01_register_book_screen.py:1: error: Cannot find implementation or library stub for module named "PyQt5.QtWidgets"  [import-not-found]
use_cases/CU01_register_book_screen.py:2: error: Cannot find implementation or library stub for module named "PyQt5.QtCore"  [import-not-found]
main_window.py:1: error: Cannot find implementation or library stub for module named "PyQt5.QtWidgets"  [import-not-found]
main_window.py:3: error: Cannot find implementation or library stub for module named "PyQt5.QtGui"  [import-not-found]
main.py:2: error: Cannot find implementation or library stub for module named "PyQt5.QtWidgets"  [import-not-found]
tests/test_rbarrero_CU09.py:3: error: Cannot find implementation or library stub for module named "PyQt5.QtWidgets"  [import-not-found]
tests/test_rbarrero_CU05.py:4: error: Cannot find implementation or library stub for module named "PyQt5.QtWidgets"  [import-not-found]
tests/test_jrozot_main_window.py:7: error: Cannot find implementation or library stub for module named "PyQt5.QtWidgets"  [import-not-found]
tests/test_jrozot_CU20.py:8: error: Cannot find implementation or library stub for module named "PyQt5.QtWidgets"  [import-not-found]
tests/test_jrozot_CU06.py:9: error: Cannot find implementation or library stub for module named "PyQt5.QtWidgets"  [import-not-found]
tests/test_clievano_CU25.py:3: error: Cannot find implementation or library stub for module named "PyQt5.QtWidgets"  [import-not-found]
tests/test_clievano_CU02.py:4: error: Cannot find implementation or library stub for module named "PyQt5.QtWidgets"  [import-not-found]
tests/test_clievano_CU01.py:3: error: Cannot find implementation or library stub for module named "PyQt5.QtWidgets"  [import-not-found]
Found 141 errors in 74 files (checked 86 source files)
