db/crear_usuario_admin.py:8:21: F401 [*] `db_init.Base` imported but unused
   |
 6 | from pathlib import Path
 7 |
 8 | from db_init import Base, Usuario, Rol
   |                     ^^^^ F401
 9 |
10 | # Configuración de conexión
   |
   = help: Remove unused import: `db_init.Base`

db/db_init.py:3:17: F401 [*] `sqlalchemy.UniqueConstraint` imported but unused
  |
1 | from sqlalchemy import (
2 |     create_engine, Column, Integer, String, Text, Date, DateTime,
3 |     ForeignKey, UniqueConstraint, Boolean, TIMESTAMP
  |                 ^^^^^^^^^^^^^^^^ F401
4 | )
5 | from sqlalchemy.orm import declarative_base, relationship, sessionmaker
  |
  = help: Remove unused import: `sqlalchemy.UniqueConstraint`

db/models.py:3:26: F401 [*] `sqlalchemy.create_engine` imported but unused
  |
1 | from sqlalchemy import (
2 |     Column, Integer, String, Text, Date, DateTime, TIMESTAMP,
3 |     ForeignKey, Boolean, create_engine
  |                          ^^^^^^^^^^^^^ F401
4 | )
5 | from sqlalchemy.orm import declarative_base, relationship
  |
  = help: Remove unused import: `sqlalchemy.create_engine`

db_seed.py:2:28: F401 [*] `sqlalchemy.orm.sessionmaker` imported but unused
  |
1 | from datetime import datetime
2 | from sqlalchemy.orm import sessionmaker
  |                            ^^^^^^^^^^^^ F401
3 | from db.database import Database
4 | from db.models import Usuario, Libro, Tarea
  |
  = help: Remove unused import: `sqlalchemy.orm.sessionmaker`

db_seed.py:4:39: F401 [*] `db.models.Tarea` imported but unused
  |
2 | from sqlalchemy.orm import sessionmaker
3 | from db.database import Database
4 | from db.models import Usuario, Libro, Tarea
  |                                       ^^^^^ F401
5 | from db.models import Rol, EstadoLibro, Categoria
6 | from utils.password_hashing import hash_password
  |
  = help: Remove unused import: `db.models.Tarea`

db_seed.py:5:23: F401 [*] `db.models.Rol` imported but unused
  |
3 | from db.database import Database
4 | from db.models import Usuario, Libro, Tarea
5 | from db.models import Rol, EstadoLibro, Categoria
  |                       ^^^ F401
6 | from utils.password_hashing import hash_password
7 | from utils.history_logger import write_to_historial
  |
  = help: Remove unused import

db_seed.py:5:28: F401 [*] `db.models.EstadoLibro` imported but unused
  |
3 | from db.database import Database
4 | from db.models import Usuario, Libro, Tarea
5 | from db.models import Rol, EstadoLibro, Categoria
  |                            ^^^^^^^^^^^ F401
6 | from utils.password_hashing import hash_password
7 | from utils.history_logger import write_to_historial
  |
  = help: Remove unused import

tests/test_clievano_CU01.py:4:53: F401 [*] `ui.screens.ui_CU01_register_book_screen.Ui_register_book_screen` imported but unused
  |
2 | from unittest.mock import MagicMock, patch
3 | from PyQt5.QtWidgets import QApplication
4 | from ui.screens.ui_CU01_register_book_screen import Ui_register_book_screen
  |                                                     ^^^^^^^^^^^^^^^^^^^^^^^ F401
5 | from use_cases.CU01_register_book_screen import RegisterBookScreen
  |
  = help: Remove unused import: `ui.screens.ui_CU01_register_book_screen.Ui_register_book_screen`

tests/test_clievano_CU02.py:5:58: F401 [*] `ui.screens.ui_CU02_register_condition_screen.Ui_register_condition_screen` imported but unused
  |
3 | from unittest.mock import MagicMock, patch
4 | from PyQt5.QtWidgets import QApplication
5 | from ui.screens.ui_CU02_register_condition_screen import Ui_register_condition_screen
  |                                                          ^^^^^^^^^^^^^^^^^^^^^^^^^^^^ F401
6 | from use_cases.CU02_register_condition_screen import RegisterConditionScreen
  |
  = help: Remove unused import: `ui.screens.ui_CU02_register_condition_screen.Ui_register_condition_screen`

tests/test_clievano_CU25.py:4:55: F401 [*] `ui.screens.ui_CU25_create_category_screen.Ui_create_category_screen` imported but unused
  |
2 | from unittest.mock import MagicMock, patch
3 | from PyQt5.QtWidgets import QApplication
4 | from ui.screens.ui_CU25_create_category_screen import Ui_create_category_screen
  |                                                       ^^^^^^^^^^^^^^^^^^^^^^^^^ F401
5 | from use_cases.CU25_create_category_screen import CreateCategoryScreen
6 | from db.models import Categoria
  |
  = help: Remove unused import: `ui.screens.ui_CU25_create_category_screen.Ui_create_category_screen`

tests/test_clievano_CU25.py:6:23: F401 [*] `db.models.Categoria` imported but unused
  |
4 | from ui.screens.ui_CU25_create_category_screen import Ui_create_category_screen
5 | from use_cases.CU25_create_category_screen import CreateCategoryScreen
6 | from db.models import Categoria
  |                       ^^^^^^^^^ F401
7 | from db.database import Database
  |
  = help: Remove unused import: `db.models.Categoria`

tests/test_clievano_CU25.py:7:25: F401 [*] `db.database.Database` imported but unused
  |
5 | from use_cases.CU25_create_category_screen import CreateCategoryScreen
6 | from db.models import Categoria
7 | from db.database import Database
  |                         ^^^^^^^^ F401
8 |
9 | # Necesario para pruebas de PyQt
  |
  = help: Remove unused import: `db.database.Database`

tests/test_clievano_CU25.py:131:13: F541 [*] f-string without any placeholders
    |
129 |         # Verificar que se mostró el error
130 |         self.screen.ui.errorLabel.setText.assert_called_with(
131 |             f"Error al crear la categoría: Error de DB"
    |             ^^^^^^^^^^^^^^^^^^^^^^^^^^^^^^^^^^^^^^^^^^^ F541
132 |         )
    |
    = help: Remove extraneous `f` prefix

tests/test_julassom_CU04.py:2:8: F401 [*] `os` imported but unused
  |
1 | import sys
2 | import os
  |        ^^ F401
3 | import unittest
4 | from unittest.mock import MagicMock
  |
  = help: Remove unused import: `os`

tests/test_julassom_CU17.py:10:1: E402 Module level import not at top of file
   |
 8 | sys.path.insert(0, project_root)
 9 |
10 | from use_cases.CU17_search_books_screen import SearchBooksScreen
   | ^^^^^^^^^^^^^^^^^^^^^^^^^^^^^^^^^^^^^^^^^^^^^^^^^^^^^^^^^^^^^^^^ E402
11 |
12 | class TestSearchBooksScreenSimple(unittest.TestCase):
   |

tests/test_julassom_CU18.py:2:8: F401 [*] `os` imported but unused
  |
1 | import sys
2 | import os
  |        ^^ F401
3 | import unittest
4 | from unittest.mock import MagicMock
  |
  = help: Remove unused import: `os`

tests/test_rbarrero_CU05.py:5:53: F401 [*] `ui.screens.ui_CU05_classify_book_screen.Ui_classify_book_screen` imported but unused
  |
3 | from unittest.mock import MagicMock, patch
4 | from PyQt5.QtWidgets import QApplication
5 | from ui.screens.ui_CU05_classify_book_screen import Ui_classify_book_screen
  |                                                     ^^^^^^^^^^^^^^^^^^^^^^^ F401
6 | from use_cases.CU05_classify_book_screen import ClassifyBookScreen
  |
  = help: Remove unused import: `ui.screens.ui_CU05_classify_book_screen.Ui_classify_book_screen`

tests/test_rbarrero_CU09.py:6:23: F401 [*] `db.models.Usuario` imported but unused
  |
4 | from ui.screens.ui_CU09_create_user_screen import Ui_create_user_screen
5 | from use_cases.CU09_create_user_screen import CreateUserScreen
6 | from db.models import Usuario
  |                       ^^^^^^^ F401
7 |
8 | app = QApplication([])  # Necesario para iniciar widgets PyQt
  |
  = help: Remove unused import: `db.models.Usuario`

ui/legacy_code/login.py:5:26: F401 [*] `PyQt6.QtCore.Qt` imported but unused
  |
3 |     QVBoxLayout, QMessageBox
4 | )
5 | from PyQt6.QtCore import Qt
  |                          ^^ F401
6 | from sqlalchemy.orm import sessionmaker
7 | from sqlalchemy import create_engine
  |
  = help: Remove unused import: `PyQt6.QtCore.Qt`

ui/legacy_code/login.py:12:21: F811 [*] Redefinition of unused `Path` from line 8
   |
11 | import sys
12 | from pathlib import Path
   |                     ^^^^ F811
13 | sys.path.append(str(Path(__file__).resolve().parent.parent))
   |
   = help: Remove definition: `Path`

ui/legacy_code/login.py:24:1: E402 Module level import not at top of file
   |
23 | # Importar modelos
24 | from db.db_init import Usuario
   | ^^^^^^^^^^^^^^^^^^^^^^^^^^^^^^ E402
25 |
26 | # Clase para la ventana de inicio de sesión
   |

ui/legacy_code/migracion.py:3:49: F401 [*] `PyQt6.QtWidgets.QPushButton` imported but unused
  |
1 | from PyQt6.QtWidgets import (
2 |     QMainWindow, QWidget, QVBoxLayout, QHBoxLayout,
3 |     QTabWidget, QTableWidget, QTableWidgetItem, QPushButton,
  |                                                 ^^^^^^^^^^^ F401
4 |     QLabel, QLineEdit, QSplitter, QGroupBox, QTextEdit,
5 |     QListWidget, QListWidgetItem, QHeaderView, QStatusBar,
  |
  = help: Remove unused import: `PyQt6.QtWidgets.QPushButton`

ui/legacy_code/migracion.py:10:8: F401 [*] `sys` imported but unused
   |
 8 | from PyQt6.QtCore import Qt, QRectF
 9 | from PyQt6.QtGui import QColor, QBrush, QPen, QPainterPath
10 | import sys
   |        ^^^ F401
11 |
12 | class MigracionWindow(QMainWindow):
   |
   = help: Remove unused import: `sys`

ui/legacy_code/migracion.py:87:42: E702 Multiple statements on one line (semicolon)
   |
85 |         group_layout = QHBoxLayout(detail_group)
86 |
87 |         self.old_title_edit = QLineEdit(); self.old_title_edit.setReadOnly(True)
   |                                          ^ E702
88 |         self.old_author_edit = QLineEdit(); self.old_author_edit.setReadOnly(True)
89 |         self.old_isbn_edit = QLineEdit(); self.old_isbn_edit.setReadOnly(True)
   |

ui/legacy_code/migracion.py:88:43: E702 Multiple statements on one line (semicolon)
   |
87 |         self.old_title_edit = QLineEdit(); self.old_title_edit.setReadOnly(True)
88 |         self.old_author_edit = QLineEdit(); self.old_author_edit.setReadOnly(True)
   |                                           ^ E702
89 |         self.old_isbn_edit = QLineEdit(); self.old_isbn_edit.setReadOnly(True)
   |

ui/legacy_code/migracion.py:89:41: E702 Multiple statements on one line (semicolon)
   |
87 |         self.old_title_edit = QLineEdit(); self.old_title_edit.setReadOnly(True)
88 |         self.old_author_edit = QLineEdit(); self.old_author_edit.setReadOnly(True)
89 |         self.old_isbn_edit = QLineEdit(); self.old_isbn_edit.setReadOnly(True)
   |                                         ^ E702
90 |
91 |         old_layout = QVBoxLayout()
   |

ui/legacy_code/migracion.py:92:48: E702 Multiple statements on one line (semicolon)
   |
91 |         old_layout = QVBoxLayout()
92 |         old_layout.addWidget(QLabel("Título:")); old_layout.addWidget(self.old_title_edit)
   |                                                ^ E702
93 |         old_layout.addWidget(QLabel("Autor:")); old_layout.addWidget(self.old_author_edit)
94 |         old_layout.addWidget(QLabel("ISBN:")); old_layout.addWidget(self.old_isbn_edit)
   |

ui/legacy_code/migracion.py:93:47: E702 Multiple statements on one line (semicolon)
   |
91 |         old_layout = QVBoxLayout()
92 |         old_layout.addWidget(QLabel("Título:")); old_layout.addWidget(self.old_title_edit)
93 |         old_layout.addWidget(QLabel("Autor:")); old_layout.addWidget(self.old_author_edit)
   |                                               ^ E702
94 |         old_layout.addWidget(QLabel("ISBN:")); old_layout.addWidget(self.old_isbn_edit)
   |

ui/legacy_code/migracion.py:94:46: E702 Multiple statements on one line (semicolon)
   |
92 |         old_layout.addWidget(QLabel("Título:")); old_layout.addWidget(self.old_title_edit)
93 |         old_layout.addWidget(QLabel("Autor:")); old_layout.addWidget(self.old_author_edit)
94 |         old_layout.addWidget(QLabel("ISBN:")); old_layout.addWidget(self.old_isbn_edit)
   |                                              ^ E702
95 |
96 |         self.new_title_edit = QLineEdit()
   |

ui/legacy_code/migracion.py:101:48: E702 Multiple statements on one line (semicolon)
    |
100 |         new_layout = QVBoxLayout()
101 |         new_layout.addWidget(QLabel("Título:")); new_layout.addWidget(self.new_title_edit)
    |                                                ^ E702
102 |         new_layout.addWidget(QLabel("Autor:")); new_layout.addWidget(self.new_author_edit)
103 |         new_layout.addWidget(QLabel("ISBN:")); new_layout.addWidget(self.new_isbn_edit)
    |

ui/legacy_code/migracion.py:102:47: E702 Multiple statements on one line (semicolon)
    |
100 |         new_layout = QVBoxLayout()
101 |         new_layout.addWidget(QLabel("Título:")); new_layout.addWidget(self.new_title_edit)
102 |         new_layout.addWidget(QLabel("Autor:")); new_layout.addWidget(self.new_author_edit)
    |                                               ^ E702
103 |         new_layout.addWidget(QLabel("ISBN:")); new_layout.addWidget(self.new_isbn_edit)
    |

ui/legacy_code/migracion.py:103:46: E702 Multiple statements on one line (semicolon)
    |
101 |         new_layout.addWidget(QLabel("Título:")); new_layout.addWidget(self.new_title_edit)
102 |         new_layout.addWidget(QLabel("Autor:")); new_layout.addWidget(self.new_author_edit)
103 |         new_layout.addWidget(QLabel("ISBN:")); new_layout.addWidget(self.new_isbn_edit)
    |                                              ^ E702
104 |
105 |         self.book_notes_edit = QTextEdit()
    |

ui/legacy_code/migracion.py:127:30: E702 Multiple statements on one line (semicolon)
    |
125 |         rect = QRectF(0, 0, 150, 150)
126 |
127 |         path = QPainterPath(); path.moveTo(rect.center())
    |                              ^ E702
128 |         path.arcTo(rect, 0, -mig_angle / 16); path.closeSubpath()
129 |         scene.addPath(path, QPen(Qt.GlobalColor.transparent), QBrush(QColor("#4CAF50")))
    |

ui/legacy_code/migracion.py:128:45: E702 Multiple statements on one line (semicolon)
    |
127 |         path = QPainterPath(); path.moveTo(rect.center())
128 |         path.arcTo(rect, 0, -mig_angle / 16); path.closeSubpath()
    |                                             ^ E702
129 |         scene.addPath(path, QPen(Qt.GlobalColor.transparent), QBrush(QColor("#4CAF50")))
    |

ui/legacy_code/migracion.py:131:30: E702 Multiple statements on one line (semicolon)
    |
129 |         scene.addPath(path, QPen(Qt.GlobalColor.transparent), QBrush(QColor("#4CAF50")))
130 |
131 |         path = QPainterPath(); path.moveTo(rect.center())
    |                              ^ E702
132 |         path.arcTo(rect, -mig_angle / 16, -pen_angle / 16); path.closeSubpath()
133 |         scene.addPath(path, QPen(Qt.GlobalColor.transparent), QBrush(QColor("#2196F3")))
    |

ui/legacy_code/migracion.py:132:59: E702 Multiple statements on one line (semicolon)
    |
131 |         path = QPainterPath(); path.moveTo(rect.center())
132 |         path.arcTo(rect, -mig_angle / 16, -pen_angle / 16); path.closeSubpath()
    |                                                           ^ E702
133 |         scene.addPath(path, QPen(Qt.GlobalColor.transparent), QBrush(QColor("#2196F3")))
    |

ui/legacy_code/migracion.py:135:30: E702 Multiple statements on one line (semicolon)
    |
133 |         scene.addPath(path, QPen(Qt.GlobalColor.transparent), QBrush(QColor("#2196F3")))
134 |
135 |         path = QPainterPath(); path.moveTo(rect.center())
    |                              ^ E702
136 |         path.arcTo(rect, -(mig_angle + pen_angle) / 16, -err_angle / 16); path.closeSubpath()
137 |         scene.addPath(path, QPen(Qt.GlobalColor.transparent), QBrush(QColor("#F44336")))
    |

ui/legacy_code/migracion.py:136:73: E702 Multiple statements on one line (semicolon)
    |
135 |         path = QPainterPath(); path.moveTo(rect.center())
136 |         path.arcTo(rect, -(mig_angle + pen_angle) / 16, -err_angle / 16); path.closeSubpath()
    |                                                                         ^ E702
137 |         scene.addPath(path, QPen(Qt.GlobalColor.transparent), QBrush(QColor("#F44336")))
    |

ui/screens/ui_CU01_register_book_screen.py:9:27: F401 [*] `PyQt5.QtGui` imported but unused
   |
 7 | # WARNING: Any manual changes made to this file will be lost when pyuic5 is run again.
 8 |
 9 | from PyQt5 import QtCore, QtGui, QtWidgets
   |                           ^^^^^ F401
10 |
11 | class Ui_register_book_screen(object):
   |
   = help: Remove unused import: `PyQt5.QtGui`

ui/screens/ui_CU02_register_condition_screen.py:11:27: F401 [*] `PyQt5.QtGui` imported but unused
   |
11 | from PyQt5 import QtCore, QtGui, QtWidgets
   |                           ^^^^^ F401
   |
   = help: Remove unused import: `PyQt5.QtGui`

ui/screens/ui_CU07_query_book_history_screen.py:11:27: F401 [*] `PyQt5.QtGui` imported but unused
   |
11 | from PyQt5 import QtCore, QtGui, QtWidgets
   |                           ^^^^^ F401
   |
   = help: Remove unused import: `PyQt5.QtGui`

ui/screens/ui_CU08_generate_report_screen.py:11:27: F401 [*] `PyQt5.QtGui` imported but unused
   |
11 | from PyQt5 import QtCore, QtGui, QtWidgets
   |                           ^^^^^ F401
   |
   = help: Remove unused import: `PyQt5.QtGui`

ui/screens/ui_CU10_edit_user_screen.py:11:27: F401 [*] `PyQt5.QtGui` imported but unused
   |
11 | from PyQt5 import QtCore, QtGui, QtWidgets
   |                           ^^^^^ F401
   |
   = help: Remove unused import: `PyQt5.QtGui`

ui/screens/ui_CU11_deactivate_user_screen.py:11:27: F401 [*] `PyQt5.QtGui` imported but unused
   |
11 | from PyQt5 import QtCore, QtGui, QtWidgets
   |                           ^^^^^ F401
   |
   = help: Remove unused import: `PyQt5.QtGui`

ui/screens/ui_CU12_modify_book_screen.py:11:27: F401 [*] `PyQt5.QtGui` imported but unused
   |
11 | from PyQt5 import QtCore, QtGui, QtWidgets
   |                           ^^^^^ F401
   |
   = help: Remove unused import: `PyQt5.QtGui`

ui/screens/ui_CU13_deactivate_book_screen.py:11:27: F401 [*] `PyQt5.QtGui` imported but unused
   |
11 | from PyQt5 import QtCore, QtGui, QtWidgets
   |                           ^^^^^ F401
   |
   = help: Remove unused import: `PyQt5.QtGui`

ui/screens/ui_CU14_notification_screen.py:11:27: F401 [*] `PyQt5.QtGui` imported but unused
   |
11 | from PyQt5 import QtCore, QtGui, QtWidgets
   |                           ^^^^^ F401
   |
   = help: Remove unused import: `PyQt5.QtGui`

ui/screens/ui_CU15_physical_qa_screen.py:11:27: F401 [*] `PyQt5.QtGui` imported but unused
   |
11 | from PyQt5 import QtCore, QtGui, QtWidgets
   |                           ^^^^^ F401
   |
   = help: Remove unused import: `PyQt5.QtGui`

ui/screens/ui_CU16_filter_books_by_state_screen.py:11:27: F401 [*] `PyQt5.QtGui` imported but unused
   |
11 | from PyQt5 import QtCore, QtGui, QtWidgets
   |                           ^^^^^ F401
   |
   = help: Remove unused import: `PyQt5.QtGui`

ui/screens/ui_CU19_assign_task_screen.py:11:27: F401 [*] `PyQt5.QtGui` imported but unused
   |
11 | from PyQt5 import QtCore, QtGui, QtWidgets
   |                           ^^^^^ F401
   |
   = help: Remove unused import: `PyQt5.QtGui`

ui/screens/ui_CU21_restore_password_screen.py:11:27: F401 [*] `PyQt5.QtGui` imported but unused
   |
11 | from PyQt5 import QtCore, QtGui, QtWidgets
   |                           ^^^^^ F401
   |
   = help: Remove unused import: `PyQt5.QtGui`

ui/screens/ui_CU22_query_book_screen.py:11:27: F401 [*] `PyQt5.QtGui` imported but unused
   |
11 | from PyQt5 import QtCore, QtGui, QtWidgets
   |                           ^^^^^ F401
   |
   = help: Remove unused import: `PyQt5.QtGui`

ui/screens/ui_CU23_download_book_screen.py:11:27: F401 [*] `PyQt5.QtGui` imported but unused
   |
11 | from PyQt5 import QtCore, QtGui, QtWidgets
   |                           ^^^^^ F401
   |
   = help: Remove unused import: `PyQt5.QtGui`

ui/screens/ui_CU24_digital_qa_screen.py:11:27: F401 [*] `PyQt5.QtGui` imported but unused
   |
11 | from PyQt5 import QtCore, QtGui, QtWidgets
   |                           ^^^^^ F401
   |
   = help: Remove unused import: `PyQt5.QtGui`

use_cases/CU01_register_book_screen.py:5:43: F401 [*] `db.models.Historial` imported but unused
  |
3 | from ui.screens.ui_CU01_register_book_screen import Ui_register_book_screen
4 | from db.database import Database
5 | from db.models import Libro, EstadoLibro, Historial
  |                                           ^^^^^^^^^ F401
6 | from datetime import datetime
7 | from utils.history_logger import write_to_historial
  |
  = help: Remove unused import: `db.models.Historial`

use_cases/CU02_register_condition_screen.py:5:50: F401 [*] `db.models.Historial` imported but unused
  |
3 | from ui.screens.ui_CU02_register_condition_screen import Ui_register_condition_screen
4 | from db.database import Database
5 | from db.models import Libro, EstadoLibro, Tarea, Historial
  |                                                  ^^^^^^^^^ F401
6 | from datetime import datetime
7 | from utils.history_logger import write_to_historial
  |
  = help: Remove unused import: `db.models.Historial`

use_cases/CU02_register_condition_screen.py:6:22: F401 [*] `datetime.datetime` imported but unused
  |
4 | from db.database import Database
5 | from db.models import Libro, EstadoLibro, Tarea, Historial
6 | from datetime import datetime
  |                      ^^^^^^^^ F401
7 | from utils.history_logger import write_to_historial
8 | import db.lookup_cache as lookup
  |
  = help: Remove unused import: `datetime.datetime`

use_cases/CU03_restore_book_screen.py:5:50: F401 [*] `db.models.Historial` imported but unused
  |
3 | from ui.screens.ui_CU03_restore_book_screen import Ui_restore_book_screen
4 | from db.database import Database
5 | from db.models import Libro, EstadoLibro, Tarea, Historial
  |                                                  ^^^^^^^^^ F401
6 | from datetime import datetime
7 | from utils.history_logger import write_to_historial
  |
  = help: Remove unused import: `db.models.Historial`

use_cases/CU03_restore_book_screen.py:6:22: F401 [*] `datetime.datetime` imported but unused
  |
4 | from db.database import Database
5 | from db.models import Libro, EstadoLibro, Tarea, Historial
6 | from datetime import datetime
  |                      ^^^^^^^^ F401
7 | from utils.history_logger import write_to_historial
8 | import db.lookup_cache as lookup
  |
  = help: Remove unused import: `datetime.datetime`

use_cases/CU04_digitize_book_screen.py:7:30: F401 [*] `utils.path_utils.get_project_root` imported but unused
  |
5 | from db.models import Libro, EstadoLibro, Accion, TargetType
6 | from utils.history_logger import write_to_historial
7 | from utils.path_utils import get_project_root, get_books_path
  |                              ^^^^^^^^^^^^^^^^ F401
8 |
9 | class DigitizeBookScreen(QWidget):
  |
  = help: Remove unused import: `utils.path_utils.get_project_root`

use_cases/CU05_classify_book_screen.py:1:8: F401 [*] `os` imported but unused
  |
1 | import os
  |        ^^ F401
2 | from PyQt5.QtWidgets import QWidget, QMessageBox
3 | from ui.screens.ui_CU05_classify_book_screen import Ui_classify_book_screen
  |
  = help: Remove unused import: `os`

use_cases/CU06_login_screen.py:1:38: F401 [*] `PyQt5.QtWidgets.QMessageBox` imported but unused
  |
1 | from PyQt5.QtWidgets import QWidget, QMessageBox
  |                                      ^^^^^^^^^^^ F401
2 | from ui.screens.ui_CU06_login_screen import Ui_login_screen
3 | from PyQt5.QtGui import QPixmap
  |
  = help: Remove unused import: `PyQt5.QtWidgets.QMessageBox`

use_cases/CU06_login_screen.py:8:8: F401 [*] `bcrypt` imported but unused
   |
 6 | from utils.path_utils import get_asset_path
 7 | from PyQt5.QtGui import QIcon
 8 | import bcrypt
   |        ^^^^^^ F401
 9 |
10 | class LoginScreen(QWidget):
   |
   = help: Remove unused import: `bcrypt`

use_cases/CU09_create_user_screen.py:5:37: F401 [*] `db.models.Historial` imported but unused
  |
3 | from ui.screens.ui_CU09_create_user_screen import Ui_create_user_screen
4 | from db.database import Database
5 | from db.models import Usuario, Rol, Historial
  |                                     ^^^^^^^^^ F401
6 | from utils.password_hashing import hash_password
7 | from utils.history_logger import write_to_historial
  |
  = help: Remove unused import: `db.models.Historial`

use_cases/CU09_create_user_screen.py:10:8: F401 [*] `datetime` imported but unused
   |
 8 | import db.lookup_cache as lookup
 9 | import re
10 | import datetime
   |        ^^^^^^^^ F401
11 |
12 | session = Database().get_session()
   |
   = help: Remove unused import: `datetime`

use_cases/CU17_search_books_screen.py:5:30: F401 [*] `db.models.Categoria` imported but unused
  |
3 | from ui.screens.ui_CU17_search_books_screen import Ui_search_books_screen
4 | from db.database import Database
5 | from db.models import Libro, Categoria, EstadoLibro
  |                              ^^^^^^^^^ F401
6 |
7 | class SearchBooksScreen(QWidget):
  |
  = help: Remove unused import: `db.models.Categoria`

use_cases/CU20_change_password_screen.py:2:26: F401 [*] `PyQt5.QtCore.Qt` imported but unused
  |
1 | from PyQt5.QtWidgets import QWidget, QMessageBox
2 | from PyQt5.QtCore import Qt
  |                          ^^ F401
3 | from ui.screens.ui_CU20_change_password_screen import Ui_change_password_screen
4 | from db.database import Database
  |
  = help: Remove unused import: `PyQt5.QtCore.Qt`

use_cases/CU25_create_category_screen.py:5:34: F401 [*] `db.models.Historial` imported but unused
  |
3 | from ui.screens.ui_CU25_create_category_screen import Ui_create_category_screen
4 | from db.database import Database
5 | from db.models import Categoria, Historial
  |                                  ^^^^^^^^^ F401
6 | from utils.history_logger import write_to_historial
7 | import db.lookup_cache as lookup
  |
  = help: Remove unused import: `db.models.Historial`

use_cases/login_screen.py:1:38: F401 [*] `PyQt5.QtWidgets.QMessageBox` imported but unused
  |
1 | from PyQt5.QtWidgets import QWidget, QMessageBox
  |                                      ^^^^^^^^^^^ F401
2 | from ui.screens.ui_login_screen import Ui_login_screen
3 | from db.database import Database
  |
  = help: Remove unused import: `PyQt5.QtWidgets.QMessageBox`

use_cases/login_screen.py:5:8: F401 [*] `bcrypt` imported but unused
  |
3 | from db.database import Database
4 | from db.models import Usuario
5 | import bcrypt
  |        ^^^^^^ F401
6 |
7 | class LoginScreen(QWidget):
  |
  = help: Remove unused import: `bcrypt`

utils/history_logger.py:3:34: F401 [*] `db.models.Accion` imported but unused
  |
1 | from datetime import datetime
2 | from db.database import Database
3 | from db.models import Historial, Accion, TargetType
  |                                  ^^^^^^ F401
4 |
5 | session = Database().get_session()
  |
  = help: Remove unused import

utils/history_logger.py:3:42: F401 [*] `db.models.TargetType` imported but unused
  |
1 | from datetime import datetime
2 | from db.database import Database
3 | from db.models import Historial, Accion, TargetType
  |                                          ^^^^^^^^^^ F401
4 |
5 | session = Database().get_session()
  |
  = help: Remove unused import

Found 72 errors.
[*] 55 fixable with the `--fix` option.
